// Jest Snapshot v1, https://goo.gl/fbAQLP

exports[`response schema returns 400 on validation error 1`] = `
{
  "code": "FST_ERR_VALIDATION",
  "error": "Bad Request",
  "message": "Invalid key: Expected "name" but received undefined",
  "statusCode": 400,
}
`;
